// Jest Snapshot v1, https://goo.gl/fbAQLP

exports[`Example1 renders DataGrid passing the expected props 1`] = `
<div>
  <div
    class="MuiBox-root css-0"
  >
    <button
      class="MuiButton-root MuiButton-text MuiButton-textPrimary MuiButton-sizeMedium MuiButton-textSizeMedium MuiButtonBase-root  css-1e6y48t-MuiButtonBase-root-MuiButton-root"
      tabindex="0"
      type="button"
    >
      Give me 33 dollars
      <span
        class="MuiTouchRipple-root css-8je8zh-MuiTouchRipple-root"
      />
    </button>
    <div
      style="height: 400px; width: 100%;"
    >
      <div>
        Mocked DataGrid
      </div>
    </div>
  </div>
</div>
`;
